	My simple assembler	PAGE	1


  00A2                          CHPUT equ 00A2h
                                
                                org #4000
  4000    41 42                 db 41h,42h
  4002    10 40                 dw START
                                org #4010
  4010                          START:
                                	;ld a,foo
  4010    21 22 40              	ld hl,hola
  4013                          LOOP:
  4013    7E                    	ld a,(hl)
  4014    B7                    	or a
  4015    28 09                 	jr z,INFILOOP
  4017    CD A2 00              	call CHPUT
  401A    23                    	inc hl
  401B    18 F6                 	jr LOOP
  401D    C9                    	ret
  401E    38 F3                 	jr c,LOOP
                                
  4020    18 FE                 INFILOOP: jr INFILOOP
                                
                                	.strenc 850
  4022                          hola:
  4022    AD 43 A2 6D           	dz "¡Cómo mola el Nestor80!\r\nY sin ñoñerías, ¿eh?"
  4026    6F 20 6D 6F           
  402A    6C 61 20 65           
  402E    6C 20 4E 65           
  4032    73 74 6F 72           
  4036    38 30 21 0D           
  403A    0A 59 20 73           
  403E    69 6E 20 A4           
  4042    6F A4 65 72           
  4046    A1 61 73 2C           
  404A    20 A8 65 68           
  404E    3F 00                 
                                	.strenc default
                                
  4050                          	ds 8000h-$
                                
                                ;	org #7FFF
                                ;	db 0
                                
                                ;	endout
                                
                                ;	ds 1000h
                                ;foo equ 34h
                                
	My simple assembler	PAGE	1-1



                                .print foo{2+2}
                                ;aaa
                                .warn Hola!!
                                ;.error Huy...
                                ;.fatal Nooo!!!
                                
                                	end
	My simple assembler	PAGE	S



Symbols:
00A2 	CHPUT           	4022 	hola            	4020 	INFILOOP        	4013 	LOOP            	
4010 	START           	

No named macros defined
